
T7145b.hs:8:1: Warning: Defined but not used: ‛pure’
