
Roles10.hs:16:12:
    Can't make a derived instance of ‛C Age’
      (even with cunning newtype deriving):
      it is not type-safe to use GeneralizedNewtypeDeriving on this class;
      the last parameter of ‛C’ is at role Nominal
    In the newtype declaration for ‛Age’
