
Roles11.hs:5:1:
    Role mismatch on variable a:
      Annotation says Representational but role Nominal is required
    In the data declaration for ‛T2’
