
ClosedFam4.hs:5:1:
    You may omit the equations in a closed type family
    only in a .hs-boot file
    In the family declaration for ‛Foo’
