
TH_Roles3.hs:7:4: Warning:
    data Foo_0 a_1 (b_2 :: k_3) c_4@R (d_5 :: k_3)@N
