data Data.Maybe.Maybe a_0@R
    = Data.Maybe.Nothing | Data.Maybe.Just a_0
