
T7809.hs:8:8:
    Illegal polymorphic or qualified type: PolyId
    Perhaps you intended to use -XImpredicativeTypes
    In the type signature for ‛foo’: foo :: F PolyId
