
DataKind1.hs:4:1:
    Illegal `data type` declaration (use -XDataKinds to enable)
