
DataKind6.hs:5:15:
    Multiple declarations of ‛K’
    Declared at: DataKind6.hs:5:11
                 DataKind6.hs:5:15

DataKind6.hs:8:15:
    Multiple declarations of ‛A’
    Declared at: DataKind6.hs:7:11
                 DataKind6.hs:8:15
