TYPE SIGNATURES
  foo ::
    forall s b chain.
    Zork s (Z [Char]) b =>
    Q s (Z [Char]) chain -> ST s ()
  s :: forall t t1. Q t (Z [Char]) t1 -> Q t (Z [Char]) t1
TYPE CONSTRUCTORS
  Q :: * -> * -> * -> *
  data Q s@R a@R chain@R
      No C type associated
      RecFlag NonRecursive, Promotable
      = Node :: forall s a chain. s -> a -> chain -> Q s a chain
            Stricts: _ _ _
      FamilyInstance: none
  Z :: * -> *
  data Z a@R
      No C type associated
      RecFlag NonRecursive, Promotable
      = Z :: forall a. a -> Z a Stricts: _
      FamilyInstance: none
  Zork :: * -> * -> * -> Constraint
  class Zork s@N a@R b@P | a -> b
      RecFlag NonRecursive
      huh :: forall chain. Q s a chain -> ST s ()
COERCION AXIOMS
  axiom ShouldCompile.NTCo:Zork ::
      Zork s a b = forall chain. Q s a chain -> ST s ()
Dependent modules: []
Dependent packages: [base, ghc-prim, integer-gmp]
