
T7895.hs:10:6: Warning: Literal 300 of type Word8 overflows

T7895.hs:13:6: Warning: Literal -129 of type Int8 overflows
