
==================== Tidy Core ====================
Result size of Tidy Core = {terms: 27, types: 10, coercions: 0}

Rec {
xs :: GHC.Prim.Int# -> ()
[GblId, Arity=1, Caf=NoCafRefs, Str=DmdType <L,U>]
xs =
  \ (m :: GHC.Prim.Int#) ->
    case GHC.Prim.<=# m 1 of _ {
      GHC.Types.False -> xs (GHC.Prim.-# m 1);
      GHC.Types.True -> GHC.Tuple.()
    }
end Rec }

T3772.foo [InlPrag=NOINLINE] :: GHC.Types.Int -> ()
[GblId, Arity=1, Caf=NoCafRefs, Str=DmdType <S,1*U(U)>]
T3772.foo =
  \ (n :: GHC.Types.Int) ->
    case n of _ { GHC.Types.I# n# ->
    case GHC.Prim.<=# n# 0 of _ {
      GHC.Types.False -> xs n#;
      GHC.Types.True -> GHC.Tuple.()
    }
    }



