T7865.expensive [InlPrag=NOINLINE]
T7865.expensive =
        case T7865.expensive sc of _ { GHC.Types.I# x ->
                (case T7865.expensive x of _ { GHC.Types.I# x1 ->
